2025-03-06T10:45:05.326+05:30  INFO 10892 --- [LocationAvailabilityService] [restartedMain] t.LocationAvailabilityServiceApplication : Starting LocationAvailabilityServiceApplication using Java 17.0.12 with PID 10892 (G:\ProductionProjects\LocationAvailabilityService\build\classes\java\main started by GB in G:\ProductionProjects\LocationAvailabilityService)
2025-03-06T10:45:05.711+05:30 DEBUG 10892 --- [LocationAvailabilityService] [restartedMain] t.LocationAvailabilityServiceApplication : Running with Spring Boot v3.4.3, Spring v6.2.3
2025-03-06T10:45:05.742+05:30  INFO 10892 --- [LocationAvailabilityService] [restartedMain] t.LocationAvailabilityServiceApplication : No active profile set, falling back to 1 default profile: "default"
2025-03-06T10:45:06.185+05:30  INFO 10892 --- [LocationAvailabilityService] [restartedMain] .e.DevToolsPropertyDefaultsPostProcessor : Devtools property defaults active! Set 'spring.devtools.add-properties' to 'false' to disable
2025-03-06T10:45:06.185+05:30  INFO 10892 --- [LocationAvailabilityService] [restartedMain] .e.DevToolsPropertyDefaultsPostProcessor : For additional web related logging consider setting the 'logging.level.web' property to 'DEBUG'
2025-03-06T10:45:08.891+05:30  INFO 10892 --- [LocationAvailabilityService] [restartedMain] .s.d.r.c.RepositoryConfigurationDelegate : Multiple Spring Data modules found, entering strict repository configuration mode
2025-03-06T10:45:08.907+05:30  INFO 10892 --- [LocationAvailabilityService] [restartedMain] .s.d.r.c.RepositoryConfigurationDelegate : Bootstrapping Spring Data JPA repositories in DEFAULT mode.
2025-03-06T10:45:09.313+05:30  INFO 10892 --- [LocationAvailabilityService] [restartedMain] .s.d.r.c.RepositoryConfigurationDelegate : Finished Spring Data repository scanning in 375 ms. Found 3 JPA repository interfaces.
2025-03-06T10:45:09.360+05:30  INFO 10892 --- [LocationAvailabilityService] [restartedMain] .s.d.r.c.RepositoryConfigurationDelegate : Multiple Spring Data modules found, entering strict repository configuration mode
2025-03-06T10:45:09.360+05:30  INFO 10892 --- [LocationAvailabilityService] [restartedMain] .s.d.r.c.RepositoryConfigurationDelegate : Bootstrapping Spring Data Redis repositories in DEFAULT mode.
2025-03-06T10:45:09.407+05:30  INFO 10892 --- [LocationAvailabilityService] [restartedMain] .RepositoryConfigurationExtensionSupport : Spring Data Redis - Could not safely identify store assignment for repository candidate interface com.tdit.SellerRepository.ProductRepo; If you want this repository to be a Redis repository, consider annotating your entities with one of these annotations: org.springframework.data.redis.core.RedisHash (preferred), or consider extending one of the following types with your repository: org.springframework.data.keyvalue.repository.KeyValueRepository
2025-03-06T10:45:09.407+05:30  INFO 10892 --- [LocationAvailabilityService] [restartedMain] .RepositoryConfigurationExtensionSupport : Spring Data Redis - Could not safely identify store assignment for repository candidate interface com.tdit.SellerRepository.SellerRepo; If you want this repository to be a Redis repository, consider annotating your entities with one of these annotations: org.springframework.data.redis.core.RedisHash (preferred), or consider extending one of the following types with your repository: org.springframework.data.keyvalue.repository.KeyValueRepository
2025-03-06T10:45:09.407+05:30  INFO 10892 --- [LocationAvailabilityService] [restartedMain] .RepositoryConfigurationExtensionSupport : Spring Data Redis - Could not safely identify store assignment for repository candidate interface com.tdit.SellerRepository.UserRepo; If you want this repository to be a Redis repository, consider annotating your entities with one of these annotations: org.springframework.data.redis.core.RedisHash (preferred), or consider extending one of the following types with your repository: org.springframework.data.keyvalue.repository.KeyValueRepository
2025-03-06T10:45:09.407+05:30  INFO 10892 --- [LocationAvailabilityService] [restartedMain] .s.d.r.c.RepositoryConfigurationDelegate : Finished Spring Data repository scanning in 13 ms. Found 0 Redis repository interfaces.
2025-03-06T10:45:16.146+05:30  INFO 10892 --- [LocationAvailabilityService] [restartedMain] o.s.b.w.embedded.tomcat.TomcatWebServer  : Tomcat initialized with port 8080 (http)
2025-03-06T10:45:16.162+05:30  INFO 10892 --- [LocationAvailabilityService] [restartedMain] o.a.catalina.core.AprLifecycleListener   : An older version [1.3.1] of the Apache Tomcat Native library is installed, while Tomcat recommends a minimum version of [2.0.5]
2025-03-06T10:45:16.162+05:30  INFO 10892 --- [LocationAvailabilityService] [restartedMain] o.a.catalina.core.AprLifecycleListener   : Loaded Apache Tomcat Native library [1.3.1] using APR version [1.7.4].
2025-03-06T10:45:16.178+05:30  INFO 10892 --- [LocationAvailabilityService] [restartedMain] o.a.catalina.core.AprLifecycleListener   : OpenSSL successfully initialized [OpenSSL 3.0.14 4 Jun 2024]
2025-03-06T10:45:16.228+05:30  INFO 10892 --- [LocationAvailabilityService] [restartedMain] o.apache.catalina.core.StandardService   : Starting service [Tomcat]
2025-03-06T10:45:16.228+05:30  INFO 10892 --- [LocationAvailabilityService] [restartedMain] o.apache.catalina.core.StandardEngine    : Starting Servlet engine: [Apache Tomcat/10.1.36]
2025-03-06T10:45:16.369+05:30  INFO 10892 --- [LocationAvailabilityService] [restartedMain] o.a.c.c.C.[Tomcat].[localhost].[/]       : Initializing Spring embedded WebApplicationContext
2025-03-06T10:45:16.369+05:30  INFO 10892 --- [LocationAvailabilityService] [restartedMain] w.s.c.ServletWebServerApplicationContext : Root WebApplicationContext: initialization completed in 10170 ms
2025-03-06T10:45:17.601+05:30  INFO 10892 --- [LocationAvailabilityService] [restartedMain] o.hibernate.jpa.internal.util.LogHelper  : HHH000204: Processing PersistenceUnitInfo [name: default]
2025-03-06T10:45:17.741+05:30  INFO 10892 --- [LocationAvailabilityService] [restartedMain] org.hibernate.Version                    : HHH000412: Hibernate ORM core version 6.6.8.Final
2025-03-06T10:45:17.835+05:30  INFO 10892 --- [LocationAvailabilityService] [restartedMain] o.h.c.internal.RegionFactoryInitiator    : HHH000026: Second-level cache disabled
2025-03-06T10:45:18.495+05:30  INFO 10892 --- [LocationAvailabilityService] [restartedMain] o.s.o.j.p.SpringPersistenceUnitInfo      : No LoadTimeWeaver setup: ignoring JPA class transformer
2025-03-06T10:45:18.583+05:30  INFO 10892 --- [LocationAvailabilityService] [restartedMain] com.zaxxer.hikari.HikariDataSource       : HikariPool-1 - Starting...
2025-03-06T10:45:21.304+05:30  INFO 10892 --- [LocationAvailabilityService] [restartedMain] com.zaxxer.hikari.pool.HikariPool        : HikariPool-1 - Added connection org.postgresql.jdbc.PgConnection@2d15317
2025-03-06T10:45:21.304+05:30  INFO 10892 --- [LocationAvailabilityService] [restartedMain] com.zaxxer.hikari.HikariDataSource       : HikariPool-1 - Start completed.
2025-03-06T10:45:21.464+05:30  WARN 10892 --- [LocationAvailabilityService] [restartedMain] org.hibernate.orm.deprecation            : HHH90000025: PostgreSQLDialect does not need to be specified explicitly using 'hibernate.dialect' (remove the property setting and it will be selected by default)
2025-03-06T10:45:21.526+05:30  INFO 10892 --- [LocationAvailabilityService] [restartedMain] org.hibernate.orm.connections.pooling    : HHH10001005: Database info:
	Database JDBC URL [Connecting through datasource 'HikariDataSource (HikariPool-1)']
	Database driver: undefined/unknown
	Database version: 16.6
	Autocommit mode: undefined/unknown
	Isolation level: undefined/unknown
	Minimum pool size: undefined/unknown
	Maximum pool size: undefined/unknown
2025-03-06T10:45:24.249+05:30  INFO 10892 --- [LocationAvailabilityService] [restartedMain] o.h.e.t.j.p.i.JtaPlatformInitiator       : HHH000489: No JTA platform available (set 'hibernate.transaction.jta.platform' to enable JTA platform integration)
2025-03-06T10:45:24.995+05:30  INFO 10892 --- [LocationAvailabilityService] [restartedMain] j.LocalContainerEntityManagerFactoryBean : Initialized JPA EntityManagerFactory for persistence unit 'default'
2025-03-06T10:45:25.791+05:30  WARN 10892 --- [LocationAvailabilityService] [restartedMain] JpaBaseConfiguration$JpaWebConfiguration : spring.jpa.open-in-view is enabled by default. Therefore, database queries may be performed during view rendering. Explicitly configure spring.jpa.open-in-view to disable this warning
2025-03-06T10:45:26.817+05:30  INFO 10892 --- [LocationAvailabilityService] [restartedMain] o.s.b.d.a.OptionalLiveReloadServer       : LiveReload server is running on port 35729
2025-03-06T10:45:26.942+05:30  INFO 10892 --- [LocationAvailabilityService] [restartedMain] o.s.b.w.embedded.tomcat.TomcatWebServer  : Tomcat started on port 8080 (http) with context path '/'
2025-03-06T10:45:26.973+05:30  INFO 10892 --- [LocationAvailabilityService] [restartedMain] t.LocationAvailabilityServiceApplication : Started LocationAvailabilityServiceApplication in 25.469 seconds (process running for 57.27)
2025-03-06T10:46:30.107+05:30  INFO 10892 --- [LocationAvailabilityService] [http-nio-8080-exec-1] o.a.c.c.C.[Tomcat].[localhost].[/]       : Initializing Spring DispatcherServlet 'dispatcherServlet'
2025-03-06T10:46:30.107+05:30  INFO 10892 --- [LocationAvailabilityService] [http-nio-8080-exec-1] o.s.web.servlet.DispatcherServlet        : Initializing Servlet 'dispatcherServlet'
2025-03-06T10:46:30.124+05:30  INFO 10892 --- [LocationAvailabilityService] [http-nio-8080-exec-1] o.s.web.servlet.DispatcherServlet        : Completed initialization in 17 ms
2025-03-06T10:46:30.290+05:30  WARN 10892 --- [LocationAvailabilityService] [http-nio-8080-exec-1] .m.m.a.ExceptionHandlerExceptionResolver : Resolved [org.springframework.web.servlet.resource.NoResourceFoundException: No static resource Serviceability/isServiceAvailablee/3/1.]
2025-03-06T10:46:30.567+05:30  WARN 10892 --- [LocationAvailabilityService] [http-nio-8080-exec-2] .m.m.a.ExceptionHandlerExceptionResolver : Resolved [org.springframework.web.servlet.resource.NoResourceFoundException: No static resource favicon.ico.]
2025-03-06T10:46:36.377+05:30  WARN 10892 --- [LocationAvailabilityService] [http-nio-8080-exec-3] .m.m.a.ExceptionHandlerExceptionResolver : Resolved [java.lang.IllegalArgumentException: Null key returned for cache operation [Builder[public java.lang.String com.tdit.ClientApp.ClientApp.processRequest(java.lang.Integer,java.lang.Integer) throws java.lang.Exception] caches=[serviceAvailability] | key='#pincode' | keyGenerator='' | cacheManager='' | cacheResolver='' | condition='' | unless='' | sync='false']. If you are using named parameters, ensure that the compiler uses the '-parameters' flag.]
2025-03-06T10:46:36.609+05:30  WARN 10892 --- [LocationAvailabilityService] [http-nio-8080-exec-4] .m.m.a.ExceptionHandlerExceptionResolver : Resolved [org.springframework.web.servlet.resource.NoResourceFoundException: No static resource favicon.ico.]
2025-03-06T10:48:05.571+05:30  INFO 5708 --- [LocationAvailabilityService] [restartedMain] t.LocationAvailabilityServiceApplication : Starting LocationAvailabilityServiceApplication using Java 17.0.12 with PID 5708 (G:\ProductionProjects\LocationAvailabilityService\build\classes\java\main started by GB in G:\ProductionProjects\LocationAvailabilityService)
2025-03-06T10:48:05.573+05:30 DEBUG 5708 --- [LocationAvailabilityService] [restartedMain] t.LocationAvailabilityServiceApplication : Running with Spring Boot v3.4.3, Spring v6.2.3
2025-03-06T10:48:05.589+05:30  INFO 5708 --- [LocationAvailabilityService] [restartedMain] t.LocationAvailabilityServiceApplication : No active profile set, falling back to 1 default profile: "default"
2025-03-06T10:48:05.735+05:30  INFO 5708 --- [LocationAvailabilityService] [restartedMain] .e.DevToolsPropertyDefaultsPostProcessor : Devtools property defaults active! Set 'spring.devtools.add-properties' to 'false' to disable
2025-03-06T10:48:05.735+05:30  INFO 5708 --- [LocationAvailabilityService] [restartedMain] .e.DevToolsPropertyDefaultsPostProcessor : For additional web related logging consider setting the 'logging.level.web' property to 'DEBUG'
2025-03-06T10:48:07.935+05:30  INFO 5708 --- [LocationAvailabilityService] [restartedMain] .s.d.r.c.RepositoryConfigurationDelegate : Multiple Spring Data modules found, entering strict repository configuration mode
2025-03-06T10:48:07.935+05:30  INFO 5708 --- [LocationAvailabilityService] [restartedMain] .s.d.r.c.RepositoryConfigurationDelegate : Bootstrapping Spring Data JPA repositories in DEFAULT mode.
2025-03-06T10:48:08.295+05:30  INFO 5708 --- [LocationAvailabilityService] [restartedMain] .s.d.r.c.RepositoryConfigurationDelegate : Finished Spring Data repository scanning in 330 ms. Found 3 JPA repository interfaces.
2025-03-06T10:48:08.326+05:30  INFO 5708 --- [LocationAvailabilityService] [restartedMain] .s.d.r.c.RepositoryConfigurationDelegate : Multiple Spring Data modules found, entering strict repository configuration mode
2025-03-06T10:48:08.326+05:30  INFO 5708 --- [LocationAvailabilityService] [restartedMain] .s.d.r.c.RepositoryConfigurationDelegate : Bootstrapping Spring Data Redis repositories in DEFAULT mode.
2025-03-06T10:48:08.357+05:30  INFO 5708 --- [LocationAvailabilityService] [restartedMain] .RepositoryConfigurationExtensionSupport : Spring Data Redis - Could not safely identify store assignment for repository candidate interface com.tdit.SellerRepository.ProductRepo; If you want this repository to be a Redis repository, consider annotating your entities with one of these annotations: org.springframework.data.redis.core.RedisHash (preferred), or consider extending one of the following types with your repository: org.springframework.data.keyvalue.repository.KeyValueRepository
2025-03-06T10:48:08.357+05:30  INFO 5708 --- [LocationAvailabilityService] [restartedMain] .RepositoryConfigurationExtensionSupport : Spring Data Redis - Could not safely identify store assignment for repository candidate interface com.tdit.SellerRepository.SellerRepo; If you want this repository to be a Redis repository, consider annotating your entities with one of these annotations: org.springframework.data.redis.core.RedisHash (preferred), or consider extending one of the following types with your repository: org.springframework.data.keyvalue.repository.KeyValueRepository
2025-03-06T10:48:08.373+05:30  INFO 5708 --- [LocationAvailabilityService] [restartedMain] .RepositoryConfigurationExtensionSupport : Spring Data Redis - Could not safely identify store assignment for repository candidate interface com.tdit.SellerRepository.UserRepo; If you want this repository to be a Redis repository, consider annotating your entities with one of these annotations: org.springframework.data.redis.core.RedisHash (preferred), or consider extending one of the following types with your repository: org.springframework.data.keyvalue.repository.KeyValueRepository
2025-03-06T10:48:08.373+05:30  INFO 5708 --- [LocationAvailabilityService] [restartedMain] .s.d.r.c.RepositoryConfigurationDelegate : Finished Spring Data repository scanning in 15 ms. Found 0 Redis repository interfaces.
2025-03-06T10:48:10.130+05:30  INFO 5708 --- [LocationAvailabilityService] [restartedMain] o.s.b.w.embedded.tomcat.TomcatWebServer  : Tomcat initialized with port 8080 (http)
2025-03-06T10:48:10.130+05:30  INFO 5708 --- [LocationAvailabilityService] [restartedMain] o.a.catalina.core.AprLifecycleListener   : An older version [1.3.1] of the Apache Tomcat Native library is installed, while Tomcat recommends a minimum version of [2.0.5]
2025-03-06T10:48:10.130+05:30  INFO 5708 --- [LocationAvailabilityService] [restartedMain] o.a.catalina.core.AprLifecycleListener   : Loaded Apache Tomcat Native library [1.3.1] using APR version [1.7.4].
2025-03-06T10:48:10.208+05:30  INFO 5708 --- [LocationAvailabilityService] [restartedMain] o.a.catalina.core.AprLifecycleListener   : OpenSSL successfully initialized [OpenSSL 3.0.14 4 Jun 2024]
2025-03-06T10:48:10.240+05:30  INFO 5708 --- [LocationAvailabilityService] [restartedMain] o.apache.catalina.core.StandardService   : Starting service [Tomcat]
2025-03-06T10:48:10.240+05:30  INFO 5708 --- [LocationAvailabilityService] [restartedMain] o.apache.catalina.core.StandardEngine    : Starting Servlet engine: [Apache Tomcat/10.1.36]
2025-03-06T10:48:10.396+05:30  INFO 5708 --- [LocationAvailabilityService] [restartedMain] o.a.c.c.C.[Tomcat].[localhost].[/]       : Initializing Spring embedded WebApplicationContext
2025-03-06T10:48:10.396+05:30  INFO 5708 --- [LocationAvailabilityService] [restartedMain] w.s.c.ServletWebServerApplicationContext : Root WebApplicationContext: initialization completed in 4661 ms
2025-03-06T10:48:11.981+05:30  INFO 5708 --- [LocationAvailabilityService] [restartedMain] o.hibernate.jpa.internal.util.LogHelper  : HHH000204: Processing PersistenceUnitInfo [name: default]
2025-03-06T10:48:12.191+05:30  INFO 5708 --- [LocationAvailabilityService] [restartedMain] org.hibernate.Version                    : HHH000412: Hibernate ORM core version 6.6.8.Final
2025-03-06T10:48:12.277+05:30  INFO 5708 --- [LocationAvailabilityService] [restartedMain] o.h.c.internal.RegionFactoryInitiator    : HHH000026: Second-level cache disabled
2025-03-06T10:48:13.062+05:30  INFO 5708 --- [LocationAvailabilityService] [restartedMain] o.s.o.j.p.SpringPersistenceUnitInfo      : No LoadTimeWeaver setup: ignoring JPA class transformer
2025-03-06T10:48:13.140+05:30  INFO 5708 --- [LocationAvailabilityService] [restartedMain] com.zaxxer.hikari.HikariDataSource       : HikariPool-1 - Starting...
2025-03-06T10:48:13.781+05:30  INFO 5708 --- [LocationAvailabilityService] [restartedMain] com.zaxxer.hikari.pool.HikariPool        : HikariPool-1 - Added connection org.postgresql.jdbc.PgConnection@77f2d113
2025-03-06T10:48:13.781+05:30  INFO 5708 --- [LocationAvailabilityService] [restartedMain] com.zaxxer.hikari.HikariDataSource       : HikariPool-1 - Start completed.
2025-03-06T10:48:13.878+05:30  WARN 5708 --- [LocationAvailabilityService] [restartedMain] org.hibernate.orm.deprecation            : HHH90000025: PostgreSQLDialect does not need to be specified explicitly using 'hibernate.dialect' (remove the property setting and it will be selected by default)
2025-03-06T10:48:13.926+05:30  INFO 5708 --- [LocationAvailabilityService] [restartedMain] org.hibernate.orm.connections.pooling    : HHH10001005: Database info:
	Database JDBC URL [Connecting through datasource 'HikariDataSource (HikariPool-1)']
	Database driver: undefined/unknown
	Database version: 16.6
	Autocommit mode: undefined/unknown
	Isolation level: undefined/unknown
	Minimum pool size: undefined/unknown
	Maximum pool size: undefined/unknown
2025-03-06T10:48:16.542+05:30  INFO 5708 --- [LocationAvailabilityService] [restartedMain] o.h.e.t.j.p.i.JtaPlatformInitiator       : HHH000489: No JTA platform available (set 'hibernate.transaction.jta.platform' to enable JTA platform integration)
2025-03-06T10:48:17.102+05:30  INFO 5708 --- [LocationAvailabilityService] [restartedMain] j.LocalContainerEntityManagerFactoryBean : Initialized JPA EntityManagerFactory for persistence unit 'default'
2025-03-06T10:48:18.365+05:30  WARN 5708 --- [LocationAvailabilityService] [restartedMain] JpaBaseConfiguration$JpaWebConfiguration : spring.jpa.open-in-view is enabled by default. Therefore, database queries may be performed during view rendering. Explicitly configure spring.jpa.open-in-view to disable this warning
2025-03-06T10:48:20.065+05:30  INFO 5708 --- [LocationAvailabilityService] [restartedMain] o.s.b.d.a.OptionalLiveReloadServer       : LiveReload server is running on port 35729
2025-03-06T10:48:20.163+05:30  INFO 5708 --- [LocationAvailabilityService] [restartedMain] o.s.b.w.embedded.tomcat.TomcatWebServer  : Tomcat started on port 8080 (http) with context path '/'
2025-03-06T10:48:20.195+05:30  INFO 5708 --- [LocationAvailabilityService] [restartedMain] t.LocationAvailabilityServiceApplication : Started LocationAvailabilityServiceApplication in 15.936 seconds (process running for 17.223)
2025-03-06T10:48:53.236+05:30  INFO 5708 --- [LocationAvailabilityService] [http-nio-8080-exec-1] o.a.c.c.C.[Tomcat].[localhost].[/]       : Initializing Spring DispatcherServlet 'dispatcherServlet'
2025-03-06T10:48:53.236+05:30  INFO 5708 --- [LocationAvailabilityService] [http-nio-8080-exec-1] o.s.web.servlet.DispatcherServlet        : Initializing Servlet 'dispatcherServlet'
2025-03-06T10:48:53.236+05:30  INFO 5708 --- [LocationAvailabilityService] [http-nio-8080-exec-1] o.s.web.servlet.DispatcherServlet        : Completed initialization in 0 ms
2025-03-06T10:48:53.554+05:30  WARN 5708 --- [LocationAvailabilityService] [http-nio-8080-exec-1] .m.m.a.ExceptionHandlerExceptionResolver : Resolved [org.springframework.expression.spel.SpelEvaluationException: EL1008E: Property or field 'pincode' cannot be found on object of type 'org.springframework.cache.interceptor.CacheExpressionRootObject' - maybe not public or not valid?]
2025-03-06T10:48:54.082+05:30  WARN 5708 --- [LocationAvailabilityService] [http-nio-8080-exec-4] .m.m.a.ExceptionHandlerExceptionResolver : Resolved [org.springframework.expression.spel.SpelEvaluationException: EL1008E: Property or field 'pincode' cannot be found on object of type 'org.springframework.cache.interceptor.CacheExpressionRootObject' - maybe not public or not valid?]
2025-03-06T10:48:54.339+05:30  WARN 5708 --- [LocationAvailabilityService] [http-nio-8080-exec-3] .m.m.a.ExceptionHandlerExceptionResolver : Resolved [org.springframework.web.servlet.resource.NoResourceFoundException: No static resource favicon.ico.]
2025-03-06T10:51:51.892+05:30  INFO 9112 --- [LocationAvailabilityService] [restartedMain] t.LocationAvailabilityServiceApplication : Starting LocationAvailabilityServiceApplication using Java 17.0.12 with PID 9112 (G:\ProductionProjects\LocationAvailabilityService\build\classes\java\main started by GB in G:\ProductionProjects\LocationAvailabilityService)
2025-03-06T10:51:51.904+05:30 DEBUG 9112 --- [LocationAvailabilityService] [restartedMain] t.LocationAvailabilityServiceApplication : Running with Spring Boot v3.4.3, Spring v6.2.3
2025-03-06T10:51:51.904+05:30  INFO 9112 --- [LocationAvailabilityService] [restartedMain] t.LocationAvailabilityServiceApplication : No active profile set, falling back to 1 default profile: "default"
2025-03-06T10:51:52.031+05:30  INFO 9112 --- [LocationAvailabilityService] [restartedMain] .e.DevToolsPropertyDefaultsPostProcessor : Devtools property defaults active! Set 'spring.devtools.add-properties' to 'false' to disable
2025-03-06T10:51:52.031+05:30  INFO 9112 --- [LocationAvailabilityService] [restartedMain] .e.DevToolsPropertyDefaultsPostProcessor : For additional web related logging consider setting the 'logging.level.web' property to 'DEBUG'
2025-03-06T10:51:55.952+05:30  INFO 9112 --- [LocationAvailabilityService] [restartedMain] .s.d.r.c.RepositoryConfigurationDelegate : Multiple Spring Data modules found, entering strict repository configuration mode
2025-03-06T10:51:55.952+05:30  INFO 9112 --- [LocationAvailabilityService] [restartedMain] .s.d.r.c.RepositoryConfigurationDelegate : Bootstrapping Spring Data JPA repositories in DEFAULT mode.
2025-03-06T10:51:56.406+05:30  INFO 9112 --- [LocationAvailabilityService] [restartedMain] .s.d.r.c.RepositoryConfigurationDelegate : Finished Spring Data repository scanning in 428 ms. Found 3 JPA repository interfaces.
2025-03-06T10:51:56.515+05:30  INFO 9112 --- [LocationAvailabilityService] [restartedMain] .s.d.r.c.RepositoryConfigurationDelegate : Multiple Spring Data modules found, entering strict repository configuration mode
2025-03-06T10:51:56.531+05:30  INFO 9112 --- [LocationAvailabilityService] [restartedMain] .s.d.r.c.RepositoryConfigurationDelegate : Bootstrapping Spring Data Redis repositories in DEFAULT mode.
2025-03-06T10:51:56.562+05:30  INFO 9112 --- [LocationAvailabilityService] [restartedMain] .RepositoryConfigurationExtensionSupport : Spring Data Redis - Could not safely identify store assignment for repository candidate interface com.tdit.SellerRepository.ProductRepo; If you want this repository to be a Redis repository, consider annotating your entities with one of these annotations: org.springframework.data.redis.core.RedisHash (preferred), or consider extending one of the following types with your repository: org.springframework.data.keyvalue.repository.KeyValueRepository
2025-03-06T10:51:56.577+05:30  INFO 9112 --- [LocationAvailabilityService] [restartedMain] .RepositoryConfigurationExtensionSupport : Spring Data Redis - Could not safely identify store assignment for repository candidate interface com.tdit.SellerRepository.SellerRepo; If you want this repository to be a Redis repository, consider annotating your entities with one of these annotations: org.springframework.data.redis.core.RedisHash (preferred), or consider extending one of the following types with your repository: org.springframework.data.keyvalue.repository.KeyValueRepository
2025-03-06T10:51:56.577+05:30  INFO 9112 --- [LocationAvailabilityService] [restartedMain] .RepositoryConfigurationExtensionSupport : Spring Data Redis - Could not safely identify store assignment for repository candidate interface com.tdit.SellerRepository.UserRepo; If you want this repository to be a Redis repository, consider annotating your entities with one of these annotations: org.springframework.data.redis.core.RedisHash (preferred), or consider extending one of the following types with your repository: org.springframework.data.keyvalue.repository.KeyValueRepository
2025-03-06T10:51:56.577+05:30  INFO 9112 --- [LocationAvailabilityService] [restartedMain] .s.d.r.c.RepositoryConfigurationDelegate : Finished Spring Data repository scanning in 17 ms. Found 0 Redis repository interfaces.
2025-03-06T10:51:58.581+05:30  INFO 9112 --- [LocationAvailabilityService] [restartedMain] o.s.b.w.embedded.tomcat.TomcatWebServer  : Tomcat initialized with port 8080 (http)
2025-03-06T10:51:58.597+05:30  INFO 9112 --- [LocationAvailabilityService] [restartedMain] o.a.catalina.core.AprLifecycleListener   : An older version [1.3.1] of the Apache Tomcat Native library is installed, while Tomcat recommends a minimum version of [2.0.5]
2025-03-06T10:51:58.597+05:30  INFO 9112 --- [LocationAvailabilityService] [restartedMain] o.a.catalina.core.AprLifecycleListener   : Loaded Apache Tomcat Native library [1.3.1] using APR version [1.7.4].
2025-03-06T10:51:58.706+05:30  INFO 9112 --- [LocationAvailabilityService] [restartedMain] o.a.catalina.core.AprLifecycleListener   : OpenSSL successfully initialized [OpenSSL 3.0.14 4 Jun 2024]
2025-03-06T10:51:58.737+05:30  INFO 9112 --- [LocationAvailabilityService] [restartedMain] o.apache.catalina.core.StandardService   : Starting service [Tomcat]
2025-03-06T10:51:58.737+05:30  INFO 9112 --- [LocationAvailabilityService] [restartedMain] o.apache.catalina.core.StandardEngine    : Starting Servlet engine: [Apache Tomcat/10.1.36]
2025-03-06T10:51:58.862+05:30  INFO 9112 --- [LocationAvailabilityService] [restartedMain] o.a.c.c.C.[Tomcat].[localhost].[/]       : Initializing Spring embedded WebApplicationContext
2025-03-06T10:51:58.862+05:30  INFO 9112 --- [LocationAvailabilityService] [restartedMain] w.s.c.ServletWebServerApplicationContext : Root WebApplicationContext: initialization completed in 6831 ms
2025-03-06T10:52:00.365+05:30  INFO 9112 --- [LocationAvailabilityService] [restartedMain] o.hibernate.jpa.internal.util.LogHelper  : HHH000204: Processing PersistenceUnitInfo [name: default]
2025-03-06T10:52:00.671+05:30  INFO 9112 --- [LocationAvailabilityService] [restartedMain] org.hibernate.Version                    : HHH000412: Hibernate ORM core version 6.6.8.Final
2025-03-06T10:52:00.750+05:30  INFO 9112 --- [LocationAvailabilityService] [restartedMain] o.h.c.internal.RegionFactoryInitiator    : HHH000026: Second-level cache disabled
2025-03-06T10:52:01.325+05:30  INFO 9112 --- [LocationAvailabilityService] [restartedMain] o.s.o.j.p.SpringPersistenceUnitInfo      : No LoadTimeWeaver setup: ignoring JPA class transformer
2025-03-06T10:52:01.388+05:30  INFO 9112 --- [LocationAvailabilityService] [restartedMain] com.zaxxer.hikari.HikariDataSource       : HikariPool-1 - Starting...
2025-03-06T10:52:01.849+05:30  INFO 9112 --- [LocationAvailabilityService] [restartedMain] com.zaxxer.hikari.pool.HikariPool        : HikariPool-1 - Added connection org.postgresql.jdbc.PgConnection@2fb0cb6a
2025-03-06T10:52:01.849+05:30  INFO 9112 --- [LocationAvailabilityService] [restartedMain] com.zaxxer.hikari.HikariDataSource       : HikariPool-1 - Start completed.
2025-03-06T10:52:02.006+05:30  WARN 9112 --- [LocationAvailabilityService] [restartedMain] org.hibernate.orm.deprecation            : HHH90000025: PostgreSQLDialect does not need to be specified explicitly using 'hibernate.dialect' (remove the property setting and it will be selected by default)
2025-03-06T10:52:02.082+05:30  INFO 9112 --- [LocationAvailabilityService] [restartedMain] org.hibernate.orm.connections.pooling    : HHH10001005: Database info:
	Database JDBC URL [Connecting through datasource 'HikariDataSource (HikariPool-1)']
	Database driver: undefined/unknown
	Database version: 16.6
	Autocommit mode: undefined/unknown
	Isolation level: undefined/unknown
	Minimum pool size: undefined/unknown
	Maximum pool size: undefined/unknown
2025-03-06T10:52:04.512+05:30  INFO 9112 --- [LocationAvailabilityService] [restartedMain] o.h.e.t.j.p.i.JtaPlatformInitiator       : HHH000489: No JTA platform available (set 'hibernate.transaction.jta.platform' to enable JTA platform integration)
2025-03-06T10:52:04.989+05:30  INFO 9112 --- [LocationAvailabilityService] [restartedMain] j.LocalContainerEntityManagerFactoryBean : Initialized JPA EntityManagerFactory for persistence unit 'default'
2025-03-06T10:52:05.843+05:30  WARN 9112 --- [LocationAvailabilityService] [restartedMain] JpaBaseConfiguration$JpaWebConfiguration : spring.jpa.open-in-view is enabled by default. Therefore, database queries may be performed during view rendering. Explicitly configure spring.jpa.open-in-view to disable this warning
2025-03-06T10:52:07.458+05:30  INFO 9112 --- [LocationAvailabilityService] [restartedMain] o.s.b.d.a.OptionalLiveReloadServer       : LiveReload server is running on port 35729
2025-03-06T10:52:07.524+05:30  INFO 9112 --- [LocationAvailabilityService] [restartedMain] o.s.b.w.embedded.tomcat.TomcatWebServer  : Tomcat started on port 8080 (http) with context path '/'
2025-03-06T10:52:07.540+05:30  INFO 9112 --- [LocationAvailabilityService] [restartedMain] t.LocationAvailabilityServiceApplication : Started LocationAvailabilityServiceApplication in 16.756 seconds (process running for 18.082)
2025-03-06T10:53:42.117+05:30  INFO 9112 --- [LocationAvailabilityService] [http-nio-8080-exec-1] o.a.c.c.C.[Tomcat].[localhost].[/]       : Initializing Spring DispatcherServlet 'dispatcherServlet'
2025-03-06T10:53:42.122+05:30  INFO 9112 --- [LocationAvailabilityService] [http-nio-8080-exec-1] o.s.web.servlet.DispatcherServlet        : Initializing Servlet 'dispatcherServlet'
2025-03-06T10:53:42.129+05:30  INFO 9112 --- [LocationAvailabilityService] [http-nio-8080-exec-1] o.s.web.servlet.DispatcherServlet        : Completed initialization in 0 ms
2025-03-06T10:53:43.496+05:30  WARN 9112 --- [LocationAvailabilityService] [http-nio-8080-exec-1] .m.m.a.ExceptionHandlerExceptionResolver : Resolved [org.springframework.data.redis.RedisConnectionFailureException: Unable to connect to Redis]
2025-03-06T10:53:43.805+05:30  WARN 9112 --- [LocationAvailabilityService] [http-nio-8080-exec-2] .m.m.a.ExceptionHandlerExceptionResolver : Resolved [org.springframework.web.servlet.resource.NoResourceFoundException: No static resource favicon.ico.]
2025-03-06T11:10:42.048+05:30  WARN 9112 --- [LocationAvailabilityService] [http-nio-8080-exec-5] .m.m.a.ExceptionHandlerExceptionResolver : Resolved [org.springframework.web.servlet.resource.NoResourceFoundException: No static resource favicon.ico.]
2025-03-06T11:10:43.592+05:30 DEBUG 9112 --- [LocationAvailabilityService] [http-nio-8080-exec-7] com.tdit.ClientApp.ClientApp             : Process request is executed..
2025-03-06T11:10:44.438+05:30  INFO 9112 --- [LocationAvailabilityService] [http-nio-8080-exec-7] com.tdit.ClientApp.ClientApp             : incoming delivery status is {status}
2025-03-06T11:10:44.438+05:30  INFO 9112 --- [LocationAvailabilityService] [http-nio-8080-exec-7] com.tdit.ClientApp.ClientApp             : Location is Available for Delivery..
2025-03-06T11:10:44.610+05:30  WARN 9112 --- [LocationAvailabilityService] [http-nio-8080-exec-8] .m.m.a.ExceptionHandlerExceptionResolver : Resolved [org.springframework.web.servlet.resource.NoResourceFoundException: No static resource favicon.ico.]
2025-03-06T11:10:54.201+05:30  WARN 9112 --- [LocationAvailabilityService] [http-nio-8080-exec-1] .m.m.a.ExceptionHandlerExceptionResolver : Resolved [org.springframework.web.servlet.resource.NoResourceFoundException: No static resource favicon.ico.]
2025-03-06T11:10:59.399+05:30  WARN 9112 --- [LocationAvailabilityService] [http-nio-8080-exec-4] .m.m.a.ExceptionHandlerExceptionResolver : Resolved [org.springframework.web.servlet.resource.NoResourceFoundException: No static resource favicon.ico.]
2025-03-06T11:11:07.598+05:30  WARN 9112 --- [LocationAvailabilityService] [http-nio-8080-exec-6] .m.m.a.ExceptionHandlerExceptionResolver : Resolved [org.springframework.web.servlet.resource.NoResourceFoundException: No static resource favicon.ico.]
2025-03-06T11:11:22.383+05:30  WARN 9112 --- [LocationAvailabilityService] [http-nio-8080-exec-9] .m.m.a.ExceptionHandlerExceptionResolver : Resolved [org.springframework.web.servlet.resource.NoResourceFoundException: No static resource favicon.ico.]
2025-03-06T11:11:46.088+05:30  WARN 9112 --- [LocationAvailabilityService] [http-nio-8080-exec-1] .m.m.a.ExceptionHandlerExceptionResolver : Resolved [org.springframework.web.servlet.resource.NoResourceFoundException: No static resource Serviceability/isServiceAvailable/90000.]
2025-03-06T11:11:46.243+05:30  WARN 9112 --- [LocationAvailabilityService] [http-nio-8080-exec-2] .m.m.a.ExceptionHandlerExceptionResolver : Resolved [org.springframework.web.servlet.resource.NoResourceFoundException: No static resource favicon.ico.]
2025-03-06T11:11:56.953+05:30  WARN 9112 --- [LocationAvailabilityService] [http-nio-8080-exec-3] .m.m.a.ExceptionHandlerExceptionResolver : Resolved [org.springframework.web.servlet.resource.NoResourceFoundException: No static resource Serviceability/isServiceAvailablee/90000.]
2025-03-06T11:11:57.102+05:30  WARN 9112 --- [LocationAvailabilityService] [http-nio-8080-exec-4] .m.m.a.ExceptionHandlerExceptionResolver : Resolved [org.springframework.web.servlet.resource.NoResourceFoundException: No static resource favicon.ico.]
2025-03-06T11:12:05.980+05:30  WARN 9112 --- [LocationAvailabilityService] [http-nio-8080-exec-5] .m.m.a.ExceptionHandlerExceptionResolver : Resolved [org.springframework.web.servlet.resource.NoResourceFoundException: No static resource Serviceability/isServiceAvailablee/90000.]
2025-03-06T11:12:06.091+05:30  WARN 9112 --- [LocationAvailabilityService] [http-nio-8080-exec-6] .m.m.a.ExceptionHandlerExceptionResolver : Resolved [org.springframework.web.servlet.resource.NoResourceFoundException: No static resource favicon.ico.]
2025-03-06T11:12:10.061+05:30  WARN 9112 --- [LocationAvailabilityService] [http-nio-8080-exec-7] .m.m.a.ExceptionHandlerExceptionResolver : Resolved [org.springframework.web.servlet.resource.NoResourceFoundException: No static resource Serviceability/isServiceAvailable/90000.]
2025-03-06T11:12:10.226+05:30  WARN 9112 --- [LocationAvailabilityService] [http-nio-8080-exec-8] .m.m.a.ExceptionHandlerExceptionResolver : Resolved [org.springframework.web.servlet.resource.NoResourceFoundException: No static resource favicon.ico.]
2025-03-06T11:12:37.300+05:30  WARN 9112 --- [LocationAvailabilityService] [http-nio-8080-exec-9] .m.m.a.ExceptionHandlerExceptionResolver : Resolved [org.springframework.web.servlet.resource.NoResourceFoundException: No static resource Serviceability/isServiceAvailable/90000.]
2025-03-06T11:12:37.397+05:30  WARN 9112 --- [LocationAvailabilityService] [http-nio-8080-exec-10] .m.m.a.ExceptionHandlerExceptionResolver : Resolved [org.springframework.web.servlet.resource.NoResourceFoundException: No static resource favicon.ico.]
2025-03-06T11:13:13.171+05:30  INFO 9112 --- [LocationAvailabilityService] [http-nio-8080-exec-1] com.tdit.ClientApp.ClientApp             : incoming delivery status is ${status}
2025-03-06T11:13:13.172+05:30  INFO 9112 --- [LocationAvailabilityService] [http-nio-8080-exec-1] com.tdit.ClientApp.ClientApp             : Location is Available for Delivery..
2025-03-06T11:13:13.322+05:30  WARN 9112 --- [LocationAvailabilityService] [http-nio-8080-exec-3] .m.m.a.ExceptionHandlerExceptionResolver : Resolved [org.springframework.web.servlet.resource.NoResourceFoundException: No static resource favicon.ico.]
2025-03-06T11:13:32.378+05:30  WARN 9112 --- [LocationAvailabilityService] [http-nio-8080-exec-5] .m.m.a.ExceptionHandlerExceptionResolver : Resolved [org.springframework.web.servlet.resource.NoResourceFoundException: No static resource favicon.ico.]
2025-03-06T11:13:43.881+05:30  INFO 9112 --- [LocationAvailabilityService] [http-nio-8080-exec-7] com.tdit.ClientApp.ClientApp             : incoming delivery status is ${status}
2025-03-06T11:13:43.881+05:30  INFO 9112 --- [LocationAvailabilityService] [http-nio-8080-exec-7] com.tdit.ClientApp.ClientApp             : Product can't be delivered to this Location..
2025-03-06T11:13:44.021+05:30  WARN 9112 --- [LocationAvailabilityService] [http-nio-8080-exec-8] .m.m.a.ExceptionHandlerExceptionResolver : Resolved [org.springframework.web.servlet.resource.NoResourceFoundException: No static resource favicon.ico.]
2025-03-06T11:13:54.680+05:30  WARN 9112 --- [LocationAvailabilityService] [http-nio-8080-exec-2] .m.m.a.ExceptionHandlerExceptionResolver : Resolved [org.springframework.web.servlet.resource.NoResourceFoundException: No static resource favicon.ico.]
2025-03-06T11:14:22.380+05:30  WARN 9112 --- [LocationAvailabilityService] [http-nio-8080-exec-4] .m.m.a.ExceptionHandlerExceptionResolver : Resolved [org.springframework.web.servlet.resource.NoResourceFoundException: No static resource favicon.ico.]
2025-03-06T11:14:38.110+05:30  INFO 9112 --- [LocationAvailabilityService] [http-nio-8080-exec-6] com.tdit.ClientApp.ClientApp             : incoming delivery status is ${status}
2025-03-06T11:14:38.110+05:30  INFO 9112 --- [LocationAvailabilityService] [http-nio-8080-exec-6] com.tdit.ClientApp.ClientApp             : Location is Available for Delivery..
2025-03-06T11:14:38.244+05:30  WARN 9112 --- [LocationAvailabilityService] [http-nio-8080-exec-7] .m.m.a.ExceptionHandlerExceptionResolver : Resolved [org.springframework.web.servlet.resource.NoResourceFoundException: No static resource favicon.ico.]
2025-03-06T11:14:48.465+05:30  WARN 9112 --- [LocationAvailabilityService] [http-nio-8080-exec-10] .m.m.a.ExceptionHandlerExceptionResolver : Resolved [org.springframework.web.servlet.resource.NoResourceFoundException: No static resource favicon.ico.]
2025-03-06T11:14:54.814+05:30  WARN 9112 --- [LocationAvailabilityService] [http-nio-8080-exec-3] .m.m.a.ExceptionHandlerExceptionResolver : Resolved [org.springframework.web.servlet.resource.NoResourceFoundException: No static resource favicon.ico.]
2025-03-06T11:15:02.177+05:30  INFO 9112 --- [LocationAvailabilityService] [http-nio-8080-exec-4] com.tdit.ClientApp.ClientApp             : incoming delivery status is ${status}
2025-03-06T11:15:02.191+05:30  INFO 9112 --- [LocationAvailabilityService] [http-nio-8080-exec-4] com.tdit.ClientApp.ClientApp             : Product can't be delivered to this Location..
2025-03-06T11:15:02.349+05:30  WARN 9112 --- [LocationAvailabilityService] [http-nio-8080-exec-5] .m.m.a.ExceptionHandlerExceptionResolver : Resolved [org.springframework.web.servlet.resource.NoResourceFoundException: No static resource favicon.ico.]
2025-03-06T11:16:17.008+05:30  WARN 9112 --- [LocationAvailabilityService] [http-nio-8080-exec-9] .m.m.a.ExceptionHandlerExceptionResolver : Resolved [org.springframework.web.servlet.resource.NoResourceFoundException: No static resource favicon.ico.]
2025-03-06T11:16:24.191+05:30  WARN 9112 --- [LocationAvailabilityService] [http-nio-8080-exec-1] .m.m.a.ExceptionHandlerExceptionResolver : Resolved [org.springframework.web.servlet.resource.NoResourceFoundException: No static resource favicon.ico.]
2025-03-06T11:16:30.193+05:30  WARN 9112 --- [LocationAvailabilityService] [http-nio-8080-exec-5] .m.m.a.ExceptionHandlerExceptionResolver : Resolved [org.springframework.web.servlet.resource.NoResourceFoundException: No static resource favicon.ico.]
2025-03-06T11:17:05.363+05:30  INFO 7816 --- [LocationAvailabilityService] [restartedMain] t.LocationAvailabilityServiceApplication : Starting LocationAvailabilityServiceApplication using Java 17.0.12 with PID 7816 (G:\ProductionProjects\LocationAvailabilityService\build\classes\java\main started by GB in G:\ProductionProjects\LocationAvailabilityService)
2025-03-06T11:17:05.379+05:30 DEBUG 7816 --- [LocationAvailabilityService] [restartedMain] t.LocationAvailabilityServiceApplication : Running with Spring Boot v3.4.3, Spring v6.2.3
2025-03-06T11:17:05.379+05:30  INFO 7816 --- [LocationAvailabilityService] [restartedMain] t.LocationAvailabilityServiceApplication : No active profile set, falling back to 1 default profile: "default"
2025-03-06T11:17:05.573+05:30  INFO 7816 --- [LocationAvailabilityService] [restartedMain] .e.DevToolsPropertyDefaultsPostProcessor : Devtools property defaults active! Set 'spring.devtools.add-properties' to 'false' to disable
2025-03-06T11:17:05.573+05:30  INFO 7816 --- [LocationAvailabilityService] [restartedMain] .e.DevToolsPropertyDefaultsPostProcessor : For additional web related logging consider setting the 'logging.level.web' property to 'DEBUG'
2025-03-06T11:17:07.672+05:30  INFO 7816 --- [LocationAvailabilityService] [restartedMain] .s.d.r.c.RepositoryConfigurationDelegate : Multiple Spring Data modules found, entering strict repository configuration mode
2025-03-06T11:17:07.688+05:30  INFO 7816 --- [LocationAvailabilityService] [restartedMain] .s.d.r.c.RepositoryConfigurationDelegate : Bootstrapping Spring Data JPA repositories in DEFAULT mode.
2025-03-06T11:17:08.064+05:30  INFO 7816 --- [LocationAvailabilityService] [restartedMain] .s.d.r.c.RepositoryConfigurationDelegate : Finished Spring Data repository scanning in 364 ms. Found 3 JPA repository interfaces.
2025-03-06T11:17:08.111+05:30  INFO 7816 --- [LocationAvailabilityService] [restartedMain] .s.d.r.c.RepositoryConfigurationDelegate : Multiple Spring Data modules found, entering strict repository configuration mode
2025-03-06T11:17:08.111+05:30  INFO 7816 --- [LocationAvailabilityService] [restartedMain] .s.d.r.c.RepositoryConfigurationDelegate : Bootstrapping Spring Data Redis repositories in DEFAULT mode.
2025-03-06T11:17:08.142+05:30  INFO 7816 --- [LocationAvailabilityService] [restartedMain] .RepositoryConfigurationExtensionSupport : Spring Data Redis - Could not safely identify store assignment for repository candidate interface com.tdit.SellerRepository.ProductRepo; If you want this repository to be a Redis repository, consider annotating your entities with one of these annotations: org.springframework.data.redis.core.RedisHash (preferred), or consider extending one of the following types with your repository: org.springframework.data.keyvalue.repository.KeyValueRepository
2025-03-06T11:17:08.142+05:30  INFO 7816 --- [LocationAvailabilityService] [restartedMain] .RepositoryConfigurationExtensionSupport : Spring Data Redis - Could not safely identify store assignment for repository candidate interface com.tdit.SellerRepository.SellerRepo; If you want this repository to be a Redis repository, consider annotating your entities with one of these annotations: org.springframework.data.redis.core.RedisHash (preferred), or consider extending one of the following types with your repository: org.springframework.data.keyvalue.repository.KeyValueRepository
2025-03-06T11:17:08.142+05:30  INFO 7816 --- [LocationAvailabilityService] [restartedMain] .RepositoryConfigurationExtensionSupport : Spring Data Redis - Could not safely identify store assignment for repository candidate interface com.tdit.SellerRepository.UserRepo; If you want this repository to be a Redis repository, consider annotating your entities with one of these annotations: org.springframework.data.redis.core.RedisHash (preferred), or consider extending one of the following types with your repository: org.springframework.data.keyvalue.repository.KeyValueRepository
2025-03-06T11:17:08.158+05:30  INFO 7816 --- [LocationAvailabilityService] [restartedMain] .s.d.r.c.RepositoryConfigurationDelegate : Finished Spring Data repository scanning in 14 ms. Found 0 Redis repository interfaces.
2025-03-06T11:17:09.720+05:30  INFO 7816 --- [LocationAvailabilityService] [restartedMain] o.s.b.w.embedded.tomcat.TomcatWebServer  : Tomcat initialized with port 8080 (http)
2025-03-06T11:17:09.735+05:30  INFO 7816 --- [LocationAvailabilityService] [restartedMain] o.a.catalina.core.AprLifecycleListener   : An older version [1.3.1] of the Apache Tomcat Native library is installed, while Tomcat recommends a minimum version of [2.0.5]
2025-03-06T11:17:09.735+05:30  INFO 7816 --- [LocationAvailabilityService] [restartedMain] o.a.catalina.core.AprLifecycleListener   : Loaded Apache Tomcat Native library [1.3.1] using APR version [1.7.4].
2025-03-06T11:17:09.798+05:30  INFO 7816 --- [LocationAvailabilityService] [restartedMain] o.a.catalina.core.AprLifecycleListener   : OpenSSL successfully initialized [OpenSSL 3.0.14 4 Jun 2024]
2025-03-06T11:17:09.813+05:30  INFO 7816 --- [LocationAvailabilityService] [restartedMain] o.apache.catalina.core.StandardService   : Starting service [Tomcat]
2025-03-06T11:17:09.813+05:30  INFO 7816 --- [LocationAvailabilityService] [restartedMain] o.apache.catalina.core.StandardEngine    : Starting Servlet engine: [Apache Tomcat/10.1.36]
2025-03-06T11:17:09.954+05:30  INFO 7816 --- [LocationAvailabilityService] [restartedMain] o.a.c.c.C.[Tomcat].[localhost].[/]       : Initializing Spring embedded WebApplicationContext
2025-03-06T11:17:09.954+05:30  INFO 7816 --- [LocationAvailabilityService] [restartedMain] w.s.c.ServletWebServerApplicationContext : Root WebApplicationContext: initialization completed in 4381 ms
2025-03-06T11:17:11.064+05:30  INFO 7816 --- [LocationAvailabilityService] [restartedMain] o.hibernate.jpa.internal.util.LogHelper  : HHH000204: Processing PersistenceUnitInfo [name: default]
2025-03-06T11:17:11.195+05:30  INFO 7816 --- [LocationAvailabilityService] [restartedMain] org.hibernate.Version                    : HHH000412: Hibernate ORM core version 6.6.8.Final
2025-03-06T11:17:11.263+05:30  INFO 7816 --- [LocationAvailabilityService] [restartedMain] o.h.c.internal.RegionFactoryInitiator    : HHH000026: Second-level cache disabled
2025-03-06T11:17:11.864+05:30  INFO 7816 --- [LocationAvailabilityService] [restartedMain] o.s.o.j.p.SpringPersistenceUnitInfo      : No LoadTimeWeaver setup: ignoring JPA class transformer
2025-03-06T11:17:11.926+05:30  INFO 7816 --- [LocationAvailabilityService] [restartedMain] com.zaxxer.hikari.HikariDataSource       : HikariPool-1 - Starting...
2025-03-06T11:17:12.394+05:30  INFO 7816 --- [LocationAvailabilityService] [restartedMain] com.zaxxer.hikari.pool.HikariPool        : HikariPool-1 - Added connection org.postgresql.jdbc.PgConnection@5d18da02
2025-03-06T11:17:12.394+05:30  INFO 7816 --- [LocationAvailabilityService] [restartedMain] com.zaxxer.hikari.HikariDataSource       : HikariPool-1 - Start completed.
2025-03-06T11:17:12.488+05:30  WARN 7816 --- [LocationAvailabilityService] [restartedMain] org.hibernate.orm.deprecation            : HHH90000025: PostgreSQLDialect does not need to be specified explicitly using 'hibernate.dialect' (remove the property setting and it will be selected by default)
2025-03-06T11:17:12.535+05:30  INFO 7816 --- [LocationAvailabilityService] [restartedMain] org.hibernate.orm.connections.pooling    : HHH10001005: Database info:
	Database JDBC URL [Connecting through datasource 'HikariDataSource (HikariPool-1)']
	Database driver: undefined/unknown
	Database version: 16.6
	Autocommit mode: undefined/unknown
	Isolation level: undefined/unknown
	Minimum pool size: undefined/unknown
	Maximum pool size: undefined/unknown
2025-03-06T11:17:15.196+05:30  INFO 7816 --- [LocationAvailabilityService] [restartedMain] o.h.e.t.j.p.i.JtaPlatformInitiator       : HHH000489: No JTA platform available (set 'hibernate.transaction.jta.platform' to enable JTA platform integration)
2025-03-06T11:17:15.882+05:30  INFO 7816 --- [LocationAvailabilityService] [restartedMain] j.LocalContainerEntityManagerFactoryBean : Initialized JPA EntityManagerFactory for persistence unit 'default'
2025-03-06T11:17:16.907+05:30  WARN 7816 --- [LocationAvailabilityService] [restartedMain] JpaBaseConfiguration$JpaWebConfiguration : spring.jpa.open-in-view is enabled by default. Therefore, database queries may be performed during view rendering. Explicitly configure spring.jpa.open-in-view to disable this warning
2025-03-06T11:17:17.794+05:30  INFO 7816 --- [LocationAvailabilityService] [restartedMain] o.s.b.d.a.OptionalLiveReloadServer       : LiveReload server is running on port 35729
2025-03-06T11:17:17.888+05:30  INFO 7816 --- [LocationAvailabilityService] [restartedMain] o.s.b.w.embedded.tomcat.TomcatWebServer  : Tomcat started on port 8080 (http) with context path '/'
2025-03-06T11:17:17.903+05:30  INFO 7816 --- [LocationAvailabilityService] [restartedMain] t.LocationAvailabilityServiceApplication : Started LocationAvailabilityServiceApplication in 13.638 seconds (process running for 14.784)
2025-03-06T11:18:26.950+05:30  INFO 7816 --- [LocationAvailabilityService] [http-nio-8080-exec-1] o.a.c.c.C.[Tomcat].[localhost].[/]       : Initializing Spring DispatcherServlet 'dispatcherServlet'
2025-03-06T11:18:26.951+05:30  INFO 7816 --- [LocationAvailabilityService] [http-nio-8080-exec-1] o.s.web.servlet.DispatcherServlet        : Initializing Servlet 'dispatcherServlet'
2025-03-06T11:18:26.955+05:30  INFO 7816 --- [LocationAvailabilityService] [http-nio-8080-exec-1] o.s.web.servlet.DispatcherServlet        : Completed initialization in 3 ms
2025-03-06T11:18:29.877+05:30  WARN 7816 --- [LocationAvailabilityService] [http-nio-8080-exec-3] .m.m.a.ExceptionHandlerExceptionResolver : Resolved [org.springframework.web.servlet.resource.NoResourceFoundException: No static resource favicon.ico.]
2025-03-06T11:18:31.874+05:30  WARN 7816 --- [LocationAvailabilityService] [http-nio-8080-exec-5] .m.m.a.ExceptionHandlerExceptionResolver : Resolved [org.springframework.web.servlet.resource.NoResourceFoundException: No static resource favicon.ico.]
2025-03-06T11:18:43.560+05:30  WARN 7816 --- [LocationAvailabilityService] [http-nio-8080-exec-8] .m.m.a.ExceptionHandlerExceptionResolver : Resolved [org.springframework.web.servlet.resource.NoResourceFoundException: No static resource favicon.ico.]
2025-03-06T11:19:03.997+05:30  INFO 3032 --- [LocationAvailabilityService] [restartedMain] t.LocationAvailabilityServiceApplication : Starting LocationAvailabilityServiceApplication using Java 17.0.12 with PID 3032 (G:\ProductionProjects\LocationAvailabilityService\build\classes\java\main started by GB in G:\ProductionProjects\LocationAvailabilityService)
2025-03-06T11:19:03.997+05:30 DEBUG 3032 --- [LocationAvailabilityService] [restartedMain] t.LocationAvailabilityServiceApplication : Running with Spring Boot v3.4.3, Spring v6.2.3
2025-03-06T11:19:03.997+05:30  INFO 3032 --- [LocationAvailabilityService] [restartedMain] t.LocationAvailabilityServiceApplication : No active profile set, falling back to 1 default profile: "default"
2025-03-06T11:19:04.105+05:30  INFO 3032 --- [LocationAvailabilityService] [restartedMain] .e.DevToolsPropertyDefaultsPostProcessor : Devtools property defaults active! Set 'spring.devtools.add-properties' to 'false' to disable
2025-03-06T11:19:04.105+05:30  INFO 3032 --- [LocationAvailabilityService] [restartedMain] .e.DevToolsPropertyDefaultsPostProcessor : For additional web related logging consider setting the 'logging.level.web' property to 'DEBUG'
2025-03-06T11:19:06.061+05:30  INFO 3032 --- [LocationAvailabilityService] [restartedMain] .s.d.r.c.RepositoryConfigurationDelegate : Multiple Spring Data modules found, entering strict repository configuration mode
2025-03-06T11:19:06.061+05:30  INFO 3032 --- [LocationAvailabilityService] [restartedMain] .s.d.r.c.RepositoryConfigurationDelegate : Bootstrapping Spring Data JPA repositories in DEFAULT mode.
2025-03-06T11:19:06.358+05:30  INFO 3032 --- [LocationAvailabilityService] [restartedMain] .s.d.r.c.RepositoryConfigurationDelegate : Finished Spring Data repository scanning in 270 ms. Found 3 JPA repository interfaces.
2025-03-06T11:19:06.395+05:30  INFO 3032 --- [LocationAvailabilityService] [restartedMain] .s.d.r.c.RepositoryConfigurationDelegate : Multiple Spring Data modules found, entering strict repository configuration mode
2025-03-06T11:19:06.395+05:30  INFO 3032 --- [LocationAvailabilityService] [restartedMain] .s.d.r.c.RepositoryConfigurationDelegate : Bootstrapping Spring Data Redis repositories in DEFAULT mode.
2025-03-06T11:19:06.442+05:30  INFO 3032 --- [LocationAvailabilityService] [restartedMain] .RepositoryConfigurationExtensionSupport : Spring Data Redis - Could not safely identify store assignment for repository candidate interface com.tdit.SellerRepository.ProductRepo; If you want this repository to be a Redis repository, consider annotating your entities with one of these annotations: org.springframework.data.redis.core.RedisHash (preferred), or consider extending one of the following types with your repository: org.springframework.data.keyvalue.repository.KeyValueRepository
2025-03-06T11:19:06.442+05:30  INFO 3032 --- [LocationAvailabilityService] [restartedMain] .RepositoryConfigurationExtensionSupport : Spring Data Redis - Could not safely identify store assignment for repository candidate interface com.tdit.SellerRepository.SellerRepo; If you want this repository to be a Redis repository, consider annotating your entities with one of these annotations: org.springframework.data.redis.core.RedisHash (preferred), or consider extending one of the following types with your repository: org.springframework.data.keyvalue.repository.KeyValueRepository
2025-03-06T11:19:06.442+05:30  INFO 3032 --- [LocationAvailabilityService] [restartedMain] .RepositoryConfigurationExtensionSupport : Spring Data Redis - Could not safely identify store assignment for repository candidate interface com.tdit.SellerRepository.UserRepo; If you want this repository to be a Redis repository, consider annotating your entities with one of these annotations: org.springframework.data.redis.core.RedisHash (preferred), or consider extending one of the following types with your repository: org.springframework.data.keyvalue.repository.KeyValueRepository
2025-03-06T11:19:06.442+05:30  INFO 3032 --- [LocationAvailabilityService] [restartedMain] .s.d.r.c.RepositoryConfigurationDelegate : Finished Spring Data repository scanning in 18 ms. Found 0 Redis repository interfaces.
2025-03-06T11:19:08.113+05:30  INFO 3032 --- [LocationAvailabilityService] [restartedMain] o.s.b.w.embedded.tomcat.TomcatWebServer  : Tomcat initialized with port 8080 (http)
2025-03-06T11:19:08.113+05:30  INFO 3032 --- [LocationAvailabilityService] [restartedMain] o.a.catalina.core.AprLifecycleListener   : An older version [1.3.1] of the Apache Tomcat Native library is installed, while Tomcat recommends a minimum version of [2.0.5]
2025-03-06T11:19:08.129+05:30  INFO 3032 --- [LocationAvailabilityService] [restartedMain] o.a.catalina.core.AprLifecycleListener   : Loaded Apache Tomcat Native library [1.3.1] using APR version [1.7.4].
2025-03-06T11:19:08.223+05:30  INFO 3032 --- [LocationAvailabilityService] [restartedMain] o.a.catalina.core.AprLifecycleListener   : OpenSSL successfully initialized [OpenSSL 3.0.14 4 Jun 2024]
2025-03-06T11:19:08.239+05:30  INFO 3032 --- [LocationAvailabilityService] [restartedMain] o.apache.catalina.core.StandardService   : Starting service [Tomcat]
2025-03-06T11:19:08.239+05:30  INFO 3032 --- [LocationAvailabilityService] [restartedMain] o.apache.catalina.core.StandardEngine    : Starting Servlet engine: [Apache Tomcat/10.1.36]
2025-03-06T11:19:08.364+05:30  INFO 3032 --- [LocationAvailabilityService] [restartedMain] o.a.c.c.C.[Tomcat].[localhost].[/]       : Initializing Spring embedded WebApplicationContext
2025-03-06T11:19:08.364+05:30  INFO 3032 --- [LocationAvailabilityService] [restartedMain] w.s.c.ServletWebServerApplicationContext : Root WebApplicationContext: initialization completed in 4243 ms
2025-03-06T11:19:09.435+05:30  INFO 3032 --- [LocationAvailabilityService] [restartedMain] o.hibernate.jpa.internal.util.LogHelper  : HHH000204: Processing PersistenceUnitInfo [name: default]
2025-03-06T11:19:09.563+05:30  INFO 3032 --- [LocationAvailabilityService] [restartedMain] org.hibernate.Version                    : HHH000412: Hibernate ORM core version 6.6.8.Final
2025-03-06T11:19:09.641+05:30  INFO 3032 --- [LocationAvailabilityService] [restartedMain] o.h.c.internal.RegionFactoryInitiator    : HHH000026: Second-level cache disabled
2025-03-06T11:19:10.281+05:30  INFO 3032 --- [LocationAvailabilityService] [restartedMain] o.s.o.j.p.SpringPersistenceUnitInfo      : No LoadTimeWeaver setup: ignoring JPA class transformer
2025-03-06T11:19:10.347+05:30  INFO 3032 --- [LocationAvailabilityService] [restartedMain] com.zaxxer.hikari.HikariDataSource       : HikariPool-1 - Starting...
2025-03-06T11:19:10.810+05:30  INFO 3032 --- [LocationAvailabilityService] [restartedMain] com.zaxxer.hikari.pool.HikariPool        : HikariPool-1 - Added connection org.postgresql.jdbc.PgConnection@42833c0c
2025-03-06T11:19:10.810+05:30  INFO 3032 --- [LocationAvailabilityService] [restartedMain] com.zaxxer.hikari.HikariDataSource       : HikariPool-1 - Start completed.
2025-03-06T11:19:10.904+05:30  WARN 3032 --- [LocationAvailabilityService] [restartedMain] org.hibernate.orm.deprecation            : HHH90000025: PostgreSQLDialect does not need to be specified explicitly using 'hibernate.dialect' (remove the property setting and it will be selected by default)
2025-03-06T11:19:10.951+05:30  INFO 3032 --- [LocationAvailabilityService] [restartedMain] org.hibernate.orm.connections.pooling    : HHH10001005: Database info:
	Database JDBC URL [Connecting through datasource 'HikariDataSource (HikariPool-1)']
	Database driver: undefined/unknown
	Database version: 16.6
	Autocommit mode: undefined/unknown
	Isolation level: undefined/unknown
	Minimum pool size: undefined/unknown
	Maximum pool size: undefined/unknown
2025-03-06T11:19:13.457+05:30  INFO 3032 --- [LocationAvailabilityService] [restartedMain] o.h.e.t.j.p.i.JtaPlatformInitiator       : HHH000489: No JTA platform available (set 'hibernate.transaction.jta.platform' to enable JTA platform integration)
2025-03-06T11:19:14.048+05:30  INFO 3032 --- [LocationAvailabilityService] [restartedMain] j.LocalContainerEntityManagerFactoryBean : Initialized JPA EntityManagerFactory for persistence unit 'default'
2025-03-06T11:19:14.879+05:30  WARN 3032 --- [LocationAvailabilityService] [restartedMain] JpaBaseConfiguration$JpaWebConfiguration : spring.jpa.open-in-view is enabled by default. Therefore, database queries may be performed during view rendering. Explicitly configure spring.jpa.open-in-view to disable this warning
2025-03-06T11:19:15.766+05:30  INFO 3032 --- [LocationAvailabilityService] [restartedMain] o.s.b.d.a.OptionalLiveReloadServer       : LiveReload server is running on port 35729
2025-03-06T11:19:15.832+05:30  INFO 3032 --- [LocationAvailabilityService] [restartedMain] o.s.b.w.embedded.tomcat.TomcatWebServer  : Tomcat started on port 8080 (http) with context path '/'
2025-03-06T11:19:15.848+05:30  INFO 3032 --- [LocationAvailabilityService] [restartedMain] t.LocationAvailabilityServiceApplication : Started LocationAvailabilityServiceApplication in 12.846 seconds (process running for 13.972)
2025-03-06T11:19:33.894+05:30  INFO 3032 --- [LocationAvailabilityService] [http-nio-8080-exec-1] o.a.c.c.C.[Tomcat].[localhost].[/]       : Initializing Spring DispatcherServlet 'dispatcherServlet'
2025-03-06T11:19:33.896+05:30  INFO 3032 --- [LocationAvailabilityService] [http-nio-8080-exec-1] o.s.web.servlet.DispatcherServlet        : Initializing Servlet 'dispatcherServlet'
2025-03-06T11:19:33.898+05:30  INFO 3032 --- [LocationAvailabilityService] [http-nio-8080-exec-1] o.s.web.servlet.DispatcherServlet        : Completed initialization in 2 ms
2025-03-06T11:19:35.567+05:30  WARN 3032 --- [LocationAvailabilityService] [http-nio-8080-exec-2] .m.m.a.ExceptionHandlerExceptionResolver : Resolved [org.springframework.web.servlet.resource.NoResourceFoundException: No static resource favicon.ico.]
2025-03-06T11:20:23.607+05:30  WARN 3032 --- [LocationAvailabilityService] [http-nio-8080-exec-4] .m.m.a.ExceptionHandlerExceptionResolver : Resolved [org.springframework.web.servlet.resource.NoResourceFoundException: No static resource Serviceability/isServiceAvailablee.]
2025-03-06T11:20:23.864+05:30  WARN 3032 --- [LocationAvailabilityService] [http-nio-8080-exec-6] .m.m.a.ExceptionHandlerExceptionResolver : Resolved [org.springframework.web.servlet.resource.NoResourceFoundException: No static resource favicon.ico.]
2025-03-06T11:20:28.736+05:30  WARN 3032 --- [LocationAvailabilityService] [http-nio-8080-exec-8] .m.m.a.ExceptionHandlerExceptionResolver : Resolved [org.springframework.web.servlet.resource.NoResourceFoundException: No static resource favicon.ico.]
2025-03-06T11:20:48.892+05:30  INFO 10436 --- [LocationAvailabilityService] [restartedMain] t.LocationAvailabilityServiceApplication : Starting LocationAvailabilityServiceApplication using Java 17.0.12 with PID 10436 (G:\ProductionProjects\LocationAvailabilityService\build\classes\java\main started by GB in G:\ProductionProjects\LocationAvailabilityService)
2025-03-06T11:20:48.908+05:30 DEBUG 10436 --- [LocationAvailabilityService] [restartedMain] t.LocationAvailabilityServiceApplication : Running with Spring Boot v3.4.3, Spring v6.2.3
2025-03-06T11:20:48.924+05:30  INFO 10436 --- [LocationAvailabilityService] [restartedMain] t.LocationAvailabilityServiceApplication : No active profile set, falling back to 1 default profile: "default"
2025-03-06T11:20:49.276+05:30  INFO 10436 --- [LocationAvailabilityService] [restartedMain] .e.DevToolsPropertyDefaultsPostProcessor : Devtools property defaults active! Set 'spring.devtools.add-properties' to 'false' to disable
2025-03-06T11:20:49.276+05:30  INFO 10436 --- [LocationAvailabilityService] [restartedMain] .e.DevToolsPropertyDefaultsPostProcessor : For additional web related logging consider setting the 'logging.level.web' property to 'DEBUG'
2025-03-06T11:20:51.710+05:30  INFO 10436 --- [LocationAvailabilityService] [restartedMain] .s.d.r.c.RepositoryConfigurationDelegate : Multiple Spring Data modules found, entering strict repository configuration mode
2025-03-06T11:20:51.725+05:30  INFO 10436 --- [LocationAvailabilityService] [restartedMain] .s.d.r.c.RepositoryConfigurationDelegate : Bootstrapping Spring Data JPA repositories in DEFAULT mode.
2025-03-06T11:20:52.091+05:30  INFO 10436 --- [LocationAvailabilityService] [restartedMain] .s.d.r.c.RepositoryConfigurationDelegate : Finished Spring Data repository scanning in 327 ms. Found 3 JPA repository interfaces.
2025-03-06T11:20:52.164+05:30  INFO 10436 --- [LocationAvailabilityService] [restartedMain] .s.d.r.c.RepositoryConfigurationDelegate : Multiple Spring Data modules found, entering strict repository configuration mode
2025-03-06T11:20:52.164+05:30  INFO 10436 --- [LocationAvailabilityService] [restartedMain] .s.d.r.c.RepositoryConfigurationDelegate : Bootstrapping Spring Data Redis repositories in DEFAULT mode.
2025-03-06T11:20:52.196+05:30  INFO 10436 --- [LocationAvailabilityService] [restartedMain] .RepositoryConfigurationExtensionSupport : Spring Data Redis - Could not safely identify store assignment for repository candidate interface com.tdit.SellerRepository.ProductRepo; If you want this repository to be a Redis repository, consider annotating your entities with one of these annotations: org.springframework.data.redis.core.RedisHash (preferred), or consider extending one of the following types with your repository: org.springframework.data.keyvalue.repository.KeyValueRepository
2025-03-06T11:20:52.196+05:30  INFO 10436 --- [LocationAvailabilityService] [restartedMain] .RepositoryConfigurationExtensionSupport : Spring Data Redis - Could not safely identify store assignment for repository candidate interface com.tdit.SellerRepository.SellerRepo; If you want this repository to be a Redis repository, consider annotating your entities with one of these annotations: org.springframework.data.redis.core.RedisHash (preferred), or consider extending one of the following types with your repository: org.springframework.data.keyvalue.repository.KeyValueRepository
2025-03-06T11:20:52.196+05:30  INFO 10436 --- [LocationAvailabilityService] [restartedMain] .RepositoryConfigurationExtensionSupport : Spring Data Redis - Could not safely identify store assignment for repository candidate interface com.tdit.SellerRepository.UserRepo; If you want this repository to be a Redis repository, consider annotating your entities with one of these annotations: org.springframework.data.redis.core.RedisHash (preferred), or consider extending one of the following types with your repository: org.springframework.data.keyvalue.repository.KeyValueRepository
2025-03-06T11:20:52.196+05:30  INFO 10436 --- [LocationAvailabilityService] [restartedMain] .s.d.r.c.RepositoryConfigurationDelegate : Finished Spring Data repository scanning in 16 ms. Found 0 Redis repository interfaces.
2025-03-06T11:20:54.185+05:30  INFO 10436 --- [LocationAvailabilityService] [restartedMain] o.s.b.w.embedded.tomcat.TomcatWebServer  : Tomcat initialized with port 8080 (http)
2025-03-06T11:20:54.201+05:30  INFO 10436 --- [LocationAvailabilityService] [restartedMain] o.a.catalina.core.AprLifecycleListener   : An older version [1.3.1] of the Apache Tomcat Native library is installed, while Tomcat recommends a minimum version of [2.0.5]
2025-03-06T11:20:54.201+05:30  INFO 10436 --- [LocationAvailabilityService] [restartedMain] o.a.catalina.core.AprLifecycleListener   : Loaded Apache Tomcat Native library [1.3.1] using APR version [1.7.4].
2025-03-06T11:20:54.294+05:30  INFO 10436 --- [LocationAvailabilityService] [restartedMain] o.a.catalina.core.AprLifecycleListener   : OpenSSL successfully initialized [OpenSSL 3.0.14 4 Jun 2024]
2025-03-06T11:20:54.311+05:30  INFO 10436 --- [LocationAvailabilityService] [restartedMain] o.apache.catalina.core.StandardService   : Starting service [Tomcat]
2025-03-06T11:20:54.311+05:30  INFO 10436 --- [LocationAvailabilityService] [restartedMain] o.apache.catalina.core.StandardEngine    : Starting Servlet engine: [Apache Tomcat/10.1.36]
2025-03-06T11:20:54.436+05:30  INFO 10436 --- [LocationAvailabilityService] [restartedMain] o.a.c.c.C.[Tomcat].[localhost].[/]       : Initializing Spring embedded WebApplicationContext
2025-03-06T11:20:54.436+05:30  INFO 10436 --- [LocationAvailabilityService] [restartedMain] w.s.c.ServletWebServerApplicationContext : Root WebApplicationContext: initialization completed in 5160 ms
2025-03-06T11:20:55.657+05:30  INFO 10436 --- [LocationAvailabilityService] [restartedMain] o.hibernate.jpa.internal.util.LogHelper  : HHH000204: Processing PersistenceUnitInfo [name: default]
2025-03-06T11:20:55.782+05:30  INFO 10436 --- [LocationAvailabilityService] [restartedMain] org.hibernate.Version                    : HHH000412: Hibernate ORM core version 6.6.8.Final
2025-03-06T11:20:55.848+05:30  INFO 10436 --- [LocationAvailabilityService] [restartedMain] o.h.c.internal.RegionFactoryInitiator    : HHH000026: Second-level cache disabled
2025-03-06T11:20:56.457+05:30  INFO 10436 --- [LocationAvailabilityService] [restartedMain] o.s.o.j.p.SpringPersistenceUnitInfo      : No LoadTimeWeaver setup: ignoring JPA class transformer
2025-03-06T11:20:56.519+05:30  INFO 10436 --- [LocationAvailabilityService] [restartedMain] com.zaxxer.hikari.HikariDataSource       : HikariPool-1 - Starting...
2025-03-06T11:20:56.935+05:30  INFO 10436 --- [LocationAvailabilityService] [restartedMain] com.zaxxer.hikari.pool.HikariPool        : HikariPool-1 - Added connection org.postgresql.jdbc.PgConnection@48991c2f
2025-03-06T11:20:56.935+05:30  INFO 10436 --- [LocationAvailabilityService] [restartedMain] com.zaxxer.hikari.HikariDataSource       : HikariPool-1 - Start completed.
2025-03-06T11:20:57.033+05:30  WARN 10436 --- [LocationAvailabilityService] [restartedMain] org.hibernate.orm.deprecation            : HHH90000025: PostgreSQLDialect does not need to be specified explicitly using 'hibernate.dialect' (remove the property setting and it will be selected by default)
2025-03-06T11:20:57.079+05:30  INFO 10436 --- [LocationAvailabilityService] [restartedMain] org.hibernate.orm.connections.pooling    : HHH10001005: Database info:
	Database JDBC URL [Connecting through datasource 'HikariDataSource (HikariPool-1)']
	Database driver: undefined/unknown
	Database version: 16.6
	Autocommit mode: undefined/unknown
	Isolation level: undefined/unknown
	Minimum pool size: undefined/unknown
	Maximum pool size: undefined/unknown
2025-03-06T11:20:59.466+05:30  INFO 10436 --- [LocationAvailabilityService] [restartedMain] o.h.e.t.j.p.i.JtaPlatformInitiator       : HHH000489: No JTA platform available (set 'hibernate.transaction.jta.platform' to enable JTA platform integration)
2025-03-06T11:21:00.004+05:30  INFO 10436 --- [LocationAvailabilityService] [restartedMain] j.LocalContainerEntityManagerFactoryBean : Initialized JPA EntityManagerFactory for persistence unit 'default'
2025-03-06T11:21:01.038+05:30  WARN 10436 --- [LocationAvailabilityService] [restartedMain] JpaBaseConfiguration$JpaWebConfiguration : spring.jpa.open-in-view is enabled by default. Therefore, database queries may be performed during view rendering. Explicitly configure spring.jpa.open-in-view to disable this warning
2025-03-06T11:21:01.932+05:30  INFO 10436 --- [LocationAvailabilityService] [restartedMain] o.s.b.d.a.OptionalLiveReloadServer       : LiveReload server is running on port 35729
2025-03-06T11:21:01.995+05:30  INFO 10436 --- [LocationAvailabilityService] [restartedMain] o.s.b.w.embedded.tomcat.TomcatWebServer  : Tomcat started on port 8080 (http) with context path '/'
2025-03-06T11:21:02.026+05:30  INFO 10436 --- [LocationAvailabilityService] [restartedMain] t.LocationAvailabilityServiceApplication : Started LocationAvailabilityServiceApplication in 14.368 seconds (process running for 15.458)
2025-03-06T11:21:15.252+05:30  INFO 10436 --- [LocationAvailabilityService] [http-nio-8080-exec-1] o.a.c.c.C.[Tomcat].[localhost].[/]       : Initializing Spring DispatcherServlet 'dispatcherServlet'
2025-03-06T11:21:15.253+05:30  INFO 10436 --- [LocationAvailabilityService] [http-nio-8080-exec-1] o.s.web.servlet.DispatcherServlet        : Initializing Servlet 'dispatcherServlet'
2025-03-06T11:21:15.261+05:30  INFO 10436 --- [LocationAvailabilityService] [http-nio-8080-exec-1] o.s.web.servlet.DispatcherServlet        : Completed initialization in 8 ms
2025-03-06T11:21:17.191+05:30  WARN 10436 --- [LocationAvailabilityService] [http-nio-8080-exec-2] .m.m.a.ExceptionHandlerExceptionResolver : Resolved [org.springframework.web.servlet.resource.NoResourceFoundException: No static resource favicon.ico.]
2025-03-06T11:45:46.869+05:30  WARN 10436 --- [LocationAvailabilityService] [http-nio-8080-exec-4] .m.m.a.ExceptionHandlerExceptionResolver : Resolved [org.springframework.web.servlet.resource.NoResourceFoundException: No static resource .]
2025-03-06T11:45:48.408+05:30  WARN 10436 --- [LocationAvailabilityService] [http-nio-8080-exec-6] .m.m.a.ExceptionHandlerExceptionResolver : Resolved [org.springframework.web.servlet.resource.NoResourceFoundException: No static resource favicon.ico.]
2025-03-06T11:46:31.992+05:30  WARN 10436 --- [LocationAvailabilityService] [http-nio-8080-exec-7] o.h.engine.jdbc.spi.SqlExceptionHelper   : SQL Error: 0, SQLState: 23502
2025-03-06T11:46:31.997+05:30 ERROR 10436 --- [LocationAvailabilityService] [http-nio-8080-exec-7] o.h.engine.jdbc.spi.SqlExceptionHelper   : ERROR: null value in column "seller_id" of relation "products" violates not-null constraint
  Detail: Failing row contains (15, It is very good , Toy, null).
2025-03-06T11:46:32.541+05:30  WARN 10436 --- [LocationAvailabilityService] [http-nio-8080-exec-7] .m.m.a.ExceptionHandlerExceptionResolver : Resolved [com.tdit.ExceptionHandeling.ProductNotSavedException: Error saving product: could not execute statement [ERROR: null value in column "seller_id" of relation "products" violates not-null constraint<EOL>  Detail: Failing row contains (15, It is very good , Toy, null).] [insert into products (description,name,seller_id) values (?,?,?)]; SQL [insert into products (description,name,seller_id) values (?,?,?)]; constraint [seller_id" of relation "products]]
2025-03-06T11:47:29.398+05:30  WARN 10436 --- [LocationAvailabilityService] [http-nio-8080-exec-9] o.h.engine.jdbc.spi.SqlExceptionHelper   : SQL Error: 0, SQLState: 23502
2025-03-06T11:47:29.435+05:30 ERROR 10436 --- [LocationAvailabilityService] [http-nio-8080-exec-9] o.h.engine.jdbc.spi.SqlExceptionHelper   : ERROR: null value in column "seller_id" of relation "products" violates not-null constraint
  Detail: Failing row contains (16, It is very good , Toy, null).
2025-03-06T11:47:29.622+05:30  WARN 10436 --- [LocationAvailabilityService] [http-nio-8080-exec-9] .m.m.a.ExceptionHandlerExceptionResolver : Resolved [com.tdit.ExceptionHandeling.ProductNotSavedException: Error saving product: could not execute statement [ERROR: null value in column "seller_id" of relation "products" violates not-null constraint<EOL>  Detail: Failing row contains (16, It is very good , Toy, null).] [insert into products (description,name,seller_id) values (?,?,?)]; SQL [insert into products (description,name,seller_id) values (?,?,?)]; constraint [seller_id" of relation "products]]
2025-03-06T12:00:38.918+05:30  INFO 11420 --- [LocationAvailabilityService] [restartedMain] t.LocationAvailabilityServiceApplication : Starting LocationAvailabilityServiceApplication using Java 17.0.12 with PID 11420 (G:\ProductionProjects\LocationAvailabilityService\build\classes\java\main started by GB in G:\ProductionProjects\LocationAvailabilityService)
2025-03-06T12:00:38.941+05:30 DEBUG 11420 --- [LocationAvailabilityService] [restartedMain] t.LocationAvailabilityServiceApplication : Running with Spring Boot v3.4.3, Spring v6.2.3
2025-03-06T12:00:38.944+05:30  INFO 11420 --- [LocationAvailabilityService] [restartedMain] t.LocationAvailabilityServiceApplication : No active profile set, falling back to 1 default profile: "default"
2025-03-06T12:00:39.339+05:30  INFO 11420 --- [LocationAvailabilityService] [restartedMain] .e.DevToolsPropertyDefaultsPostProcessor : Devtools property defaults active! Set 'spring.devtools.add-properties' to 'false' to disable
2025-03-06T12:00:39.340+05:30  INFO 11420 --- [LocationAvailabilityService] [restartedMain] .e.DevToolsPropertyDefaultsPostProcessor : For additional web related logging consider setting the 'logging.level.web' property to 'DEBUG'
2025-03-06T12:00:41.871+05:30  INFO 11420 --- [LocationAvailabilityService] [restartedMain] .s.d.r.c.RepositoryConfigurationDelegate : Multiple Spring Data modules found, entering strict repository configuration mode
2025-03-06T12:00:41.876+05:30  INFO 11420 --- [LocationAvailabilityService] [restartedMain] .s.d.r.c.RepositoryConfigurationDelegate : Bootstrapping Spring Data JPA repositories in DEFAULT mode.
2025-03-06T12:00:42.222+05:30  INFO 11420 --- [LocationAvailabilityService] [restartedMain] .s.d.r.c.RepositoryConfigurationDelegate : Finished Spring Data repository scanning in 325 ms. Found 3 JPA repository interfaces.
2025-03-06T12:00:42.267+05:30  INFO 11420 --- [LocationAvailabilityService] [restartedMain] .s.d.r.c.RepositoryConfigurationDelegate : Multiple Spring Data modules found, entering strict repository configuration mode
2025-03-06T12:00:42.270+05:30  INFO 11420 --- [LocationAvailabilityService] [restartedMain] .s.d.r.c.RepositoryConfigurationDelegate : Bootstrapping Spring Data Redis repositories in DEFAULT mode.
2025-03-06T12:00:42.306+05:30  INFO 11420 --- [LocationAvailabilityService] [restartedMain] .RepositoryConfigurationExtensionSupport : Spring Data Redis - Could not safely identify store assignment for repository candidate interface com.tdit.SellerRepository.ProductRepo; If you want this repository to be a Redis repository, consider annotating your entities with one of these annotations: org.springframework.data.redis.core.RedisHash (preferred), or consider extending one of the following types with your repository: org.springframework.data.keyvalue.repository.KeyValueRepository
2025-03-06T12:00:42.307+05:30  INFO 11420 --- [LocationAvailabilityService] [restartedMain] .RepositoryConfigurationExtensionSupport : Spring Data Redis - Could not safely identify store assignment for repository candidate interface com.tdit.SellerRepository.SellerRepo; If you want this repository to be a Redis repository, consider annotating your entities with one of these annotations: org.springframework.data.redis.core.RedisHash (preferred), or consider extending one of the following types with your repository: org.springframework.data.keyvalue.repository.KeyValueRepository
2025-03-06T12:00:42.308+05:30  INFO 11420 --- [LocationAvailabilityService] [restartedMain] .RepositoryConfigurationExtensionSupport : Spring Data Redis - Could not safely identify store assignment for repository candidate interface com.tdit.SellerRepository.UserRepo; If you want this repository to be a Redis repository, consider annotating your entities with one of these annotations: org.springframework.data.redis.core.RedisHash (preferred), or consider extending one of the following types with your repository: org.springframework.data.keyvalue.repository.KeyValueRepository
2025-03-06T12:00:42.308+05:30  INFO 11420 --- [LocationAvailabilityService] [restartedMain] .s.d.r.c.RepositoryConfigurationDelegate : Finished Spring Data repository scanning in 15 ms. Found 0 Redis repository interfaces.
2025-03-06T12:00:44.552+05:30  INFO 11420 --- [LocationAvailabilityService] [restartedMain] o.s.b.w.embedded.tomcat.TomcatWebServer  : Tomcat initialized with port 8080 (http)
2025-03-06T12:00:44.565+05:30  INFO 11420 --- [LocationAvailabilityService] [restartedMain] o.a.catalina.core.AprLifecycleListener   : An older version [1.3.1] of the Apache Tomcat Native library is installed, while Tomcat recommends a minimum version of [2.0.5]
2025-03-06T12:00:44.567+05:30  INFO 11420 --- [LocationAvailabilityService] [restartedMain] o.a.catalina.core.AprLifecycleListener   : Loaded Apache Tomcat Native library [1.3.1] using APR version [1.7.4].
2025-03-06T12:00:44.642+05:30  INFO 11420 --- [LocationAvailabilityService] [restartedMain] o.a.catalina.core.AprLifecycleListener   : OpenSSL successfully initialized [OpenSSL 3.0.14 4 Jun 2024]
2025-03-06T12:00:44.682+05:30  INFO 11420 --- [LocationAvailabilityService] [restartedMain] o.apache.catalina.core.StandardService   : Starting service [Tomcat]
2025-03-06T12:00:44.683+05:30  INFO 11420 --- [LocationAvailabilityService] [restartedMain] o.apache.catalina.core.StandardEngine    : Starting Servlet engine: [Apache Tomcat/10.1.36]
2025-03-06T12:00:44.886+05:30  INFO 11420 --- [LocationAvailabilityService] [restartedMain] o.a.c.c.C.[Tomcat].[localhost].[/]       : Initializing Spring embedded WebApplicationContext
2025-03-06T12:00:44.888+05:30  INFO 11420 --- [LocationAvailabilityService] [restartedMain] w.s.c.ServletWebServerApplicationContext : Root WebApplicationContext: initialization completed in 5542 ms
2025-03-06T12:00:46.419+05:30  INFO 11420 --- [LocationAvailabilityService] [restartedMain] o.hibernate.jpa.internal.util.LogHelper  : HHH000204: Processing PersistenceUnitInfo [name: default]
2025-03-06T12:00:46.605+05:30  INFO 11420 --- [LocationAvailabilityService] [restartedMain] org.hibernate.Version                    : HHH000412: Hibernate ORM core version 6.6.8.Final
2025-03-06T12:00:46.713+05:30  INFO 11420 --- [LocationAvailabilityService] [restartedMain] o.h.c.internal.RegionFactoryInitiator    : HHH000026: Second-level cache disabled
2025-03-06T12:00:47.933+05:30  INFO 11420 --- [LocationAvailabilityService] [restartedMain] o.s.o.j.p.SpringPersistenceUnitInfo      : No LoadTimeWeaver setup: ignoring JPA class transformer
2025-03-06T12:00:48.058+05:30  INFO 11420 --- [LocationAvailabilityService] [restartedMain] com.zaxxer.hikari.HikariDataSource       : HikariPool-1 - Starting...
2025-03-06T12:00:48.759+05:30  INFO 11420 --- [LocationAvailabilityService] [restartedMain] com.zaxxer.hikari.pool.HikariPool        : HikariPool-1 - Added connection org.postgresql.jdbc.PgConnection@179a758e
2025-03-06T12:00:48.762+05:30  INFO 11420 --- [LocationAvailabilityService] [restartedMain] com.zaxxer.hikari.HikariDataSource       : HikariPool-1 - Start completed.
2025-03-06T12:00:48.873+05:30  WARN 11420 --- [LocationAvailabilityService] [restartedMain] org.hibernate.orm.deprecation            : HHH90000025: PostgreSQLDialect does not need to be specified explicitly using 'hibernate.dialect' (remove the property setting and it will be selected by default)
2025-03-06T12:00:48.975+05:30  INFO 11420 --- [LocationAvailabilityService] [restartedMain] org.hibernate.orm.connections.pooling    : HHH10001005: Database info:
	Database JDBC URL [Connecting through datasource 'HikariDataSource (HikariPool-1)']
	Database driver: undefined/unknown
	Database version: 16.6
	Autocommit mode: undefined/unknown
	Isolation level: undefined/unknown
	Minimum pool size: undefined/unknown
	Maximum pool size: undefined/unknown
2025-03-06T12:00:52.365+05:30  INFO 11420 --- [LocationAvailabilityService] [restartedMain] o.h.e.t.j.p.i.JtaPlatformInitiator       : HHH000489: No JTA platform available (set 'hibernate.transaction.jta.platform' to enable JTA platform integration)
2025-03-06T12:00:52.940+05:30  INFO 11420 --- [LocationAvailabilityService] [restartedMain] j.LocalContainerEntityManagerFactoryBean : Initialized JPA EntityManagerFactory for persistence unit 'default'
2025-03-06T12:00:53.779+05:30  WARN 11420 --- [LocationAvailabilityService] [restartedMain] JpaBaseConfiguration$JpaWebConfiguration : spring.jpa.open-in-view is enabled by default. Therefore, database queries may be performed during view rendering. Explicitly configure spring.jpa.open-in-view to disable this warning
2025-03-06T12:00:54.833+05:30  INFO 11420 --- [LocationAvailabilityService] [restartedMain] o.s.b.d.a.OptionalLiveReloadServer       : LiveReload server is running on port 35729
2025-03-06T12:00:54.916+05:30  INFO 11420 --- [LocationAvailabilityService] [restartedMain] o.s.b.w.embedded.tomcat.TomcatWebServer  : Tomcat started on port 8080 (http) with context path '/'
2025-03-06T12:00:54.962+05:30  INFO 11420 --- [LocationAvailabilityService] [restartedMain] t.LocationAvailabilityServiceApplication : Started LocationAvailabilityServiceApplication in 17.372 seconds (process running for 18.825)
2025-03-06T12:03:07.051+05:30  INFO 11420 --- [LocationAvailabilityService] [http-nio-8080-exec-1] o.a.c.c.C.[Tomcat].[localhost].[/]       : Initializing Spring DispatcherServlet 'dispatcherServlet'
2025-03-06T12:03:07.109+05:30  INFO 11420 --- [LocationAvailabilityService] [http-nio-8080-exec-1] o.s.web.servlet.DispatcherServlet        : Initializing Servlet 'dispatcherServlet'
2025-03-06T12:03:07.347+05:30  INFO 11420 --- [LocationAvailabilityService] [http-nio-8080-exec-1] o.s.web.servlet.DispatcherServlet        : Completed initialization in 234 ms
